Archive member included because of file (symbol)

/home/george/workspace/gcc-arm-none-eabi-4_9-2014q4/bin/../lib/gcc/arm-none-eabi/4.9.3/armv6-m/libgcc.a(_udivsi3.o)
                              ./src/main.o (__aeabi_uidiv)
/home/george/workspace/gcc-arm-none-eabi-4_9-2014q4/bin/../lib/gcc/arm-none-eabi/4.9.3/armv6-m/libgcc.a(_dvmd_tls.o)
                              /home/george/workspace/gcc-arm-none-eabi-4_9-2014q4/bin/../lib/gcc/arm-none-eabi/4.9.3/armv6-m/libgcc.a(_udivsi3.o) (__aeabi_idiv0)
/home/george/workspace/gcc-arm-none-eabi-4_9-2014q4/bin/../lib/gcc/arm-none-eabi/4.9.3/../../../../arm-none-eabi/lib/armv6-m/libg_nano.a(lib_a-errno.o)
                              ./system/src/newlib/_sbrk.o (__errno)
/home/george/workspace/gcc-arm-none-eabi-4_9-2014q4/bin/../lib/gcc/arm-none-eabi/4.9.3/../../../../arm-none-eabi/lib/armv6-m/libg_nano.a(lib_a-fwrite.o)
                              ./src/main.o (fwrite)
/home/george/workspace/gcc-arm-none-eabi-4_9-2014q4/bin/../lib/gcc/arm-none-eabi/4.9.3/../../../../arm-none-eabi/lib/armv6-m/libg_nano.a(lib_a-impure.o)
                              ./src/main.o (_impure_ptr)
/home/george/workspace/gcc-arm-none-eabi-4_9-2014q4/bin/../lib/gcc/arm-none-eabi/4.9.3/../../../../arm-none-eabi/lib/armv6-m/libg_nano.a(lib_a-puts.o)
                              ./src/main.o (puts)
/home/george/workspace/gcc-arm-none-eabi-4_9-2014q4/bin/../lib/gcc/arm-none-eabi/4.9.3/../../../../arm-none-eabi/lib/armv6-m/libg_nano.a(lib_a-strlen.o)
                              ./system/src/diag/Trace.o (strlen)
/home/george/workspace/gcc-arm-none-eabi-4_9-2014q4/bin/../lib/gcc/arm-none-eabi/4.9.3/../../../../arm-none-eabi/lib/armv6-m/libg_nano.a(lib_a-vsnprintf.o)
                              ./system/src/diag/Trace.o (vsnprintf)
/home/george/workspace/gcc-arm-none-eabi-4_9-2014q4/bin/../lib/gcc/arm-none-eabi/4.9.3/../../../../arm-none-eabi/lib/armv6-m/libg_nano.a(lib_a-wbuf.o)
                              /home/george/workspace/gcc-arm-none-eabi-4_9-2014q4/bin/../lib/gcc/arm-none-eabi/4.9.3/../../../../arm-none-eabi/lib/armv6-m/libg_nano.a(lib_a-fwrite.o) (__swbuf_r)
/home/george/workspace/gcc-arm-none-eabi-4_9-2014q4/bin/../lib/gcc/arm-none-eabi/4.9.3/../../../../arm-none-eabi/lib/armv6-m/libg_nano.a(lib_a-wsetup.o)
                              /home/george/workspace/gcc-arm-none-eabi-4_9-2014q4/bin/../lib/gcc/arm-none-eabi/4.9.3/../../../../arm-none-eabi/lib/armv6-m/libg_nano.a(lib_a-fwrite.o) (__swsetup_r)
/home/george/workspace/gcc-arm-none-eabi-4_9-2014q4/bin/../lib/gcc/arm-none-eabi/4.9.3/../../../../arm-none-eabi/lib/armv6-m/libg_nano.a(lib_a-fflush.o)
                              /home/george/workspace/gcc-arm-none-eabi-4_9-2014q4/bin/../lib/gcc/arm-none-eabi/4.9.3/../../../../arm-none-eabi/lib/armv6-m/libg_nano.a(lib_a-wbuf.o) (_fflush_r)
/home/george/workspace/gcc-arm-none-eabi-4_9-2014q4/bin/../lib/gcc/arm-none-eabi/4.9.3/../../../../arm-none-eabi/lib/armv6-m/libg_nano.a(lib_a-findfp.o)
                              /home/george/workspace/gcc-arm-none-eabi-4_9-2014q4/bin/../lib/gcc/arm-none-eabi/4.9.3/../../../../arm-none-eabi/lib/armv6-m/libg_nano.a(lib_a-fwrite.o) (__sinit)
/home/george/workspace/gcc-arm-none-eabi-4_9-2014q4/bin/../lib/gcc/arm-none-eabi/4.9.3/../../../../arm-none-eabi/lib/armv6-m/libg_nano.a(lib_a-fwalk.o)
                              /home/george/workspace/gcc-arm-none-eabi-4_9-2014q4/bin/../lib/gcc/arm-none-eabi/4.9.3/../../../../arm-none-eabi/lib/armv6-m/libg_nano.a(lib_a-findfp.o) (_fwalk)
/home/george/workspace/gcc-arm-none-eabi-4_9-2014q4/bin/../lib/gcc/arm-none-eabi/4.9.3/../../../../arm-none-eabi/lib/armv6-m/libg_nano.a(lib_a-makebuf.o)
                              /home/george/workspace/gcc-arm-none-eabi-4_9-2014q4/bin/../lib/gcc/arm-none-eabi/4.9.3/../../../../arm-none-eabi/lib/armv6-m/libg_nano.a(lib_a-wsetup.o) (__smakebuf_r)
/home/george/workspace/gcc-arm-none-eabi-4_9-2014q4/bin/../lib/gcc/arm-none-eabi/4.9.3/../../../../arm-none-eabi/lib/armv6-m/libg_nano.a(lib_a-memset.o)
                              /home/george/workspace/gcc-arm-none-eabi-4_9-2014q4/bin/../lib/gcc/arm-none-eabi/4.9.3/../../../../arm-none-eabi/lib/armv6-m/libg_nano.a(lib_a-findfp.o) (memset)
/home/george/workspace/gcc-arm-none-eabi-4_9-2014q4/bin/../lib/gcc/arm-none-eabi/4.9.3/../../../../arm-none-eabi/lib/armv6-m/libg_nano.a(lib_a-nano-freer.o)
                              /home/george/workspace/gcc-arm-none-eabi-4_9-2014q4/bin/../lib/gcc/arm-none-eabi/4.9.3/../../../../arm-none-eabi/lib/armv6-m/libg_nano.a(lib_a-wsetup.o) (_free_r)
/home/george/workspace/gcc-arm-none-eabi-4_9-2014q4/bin/../lib/gcc/arm-none-eabi/4.9.3/../../../../arm-none-eabi/lib/armv6-m/libg_nano.a(lib_a-nano-mallocr.o)
                              /home/george/workspace/gcc-arm-none-eabi-4_9-2014q4/bin/../lib/gcc/arm-none-eabi/4.9.3/../../../../arm-none-eabi/lib/armv6-m/libg_nano.a(lib_a-findfp.o) (_malloc_r)
[...]
Memory Configuration

Name             Origin             Length             Attributes
FLASH            0x00000000         0x00020000         xr
RAM              0x20000000         0x00005000         xrw
CCMRAM           0x10000000         0x00000000         xrw
FLASHB1          0x00000000         0x00000000         xr
EXTMEMB0         0x00000000         0x00000000         xr
EXTMEMB1         0x00000000         0x00000000         xr
EXTMEMB2         0x00000000         0x00000000         xr
EXTMEMB3         0x00000000         0x00000000         xr
*default*        0x00000000         0xffffffff

Linker script and memory map

LOAD ./system/src/newlib/_cxx.o
LOAD ./system/src/newlib/_exit.o
LOAD ./system/src/newlib/_sbrk.o
LOAD ./system/src/newlib/_startup.o
LOAD ./system/src/newlib/_syscalls.o
LOAD ./system/src/newlib/assert.o
LOAD ./system/src/diag/Trace.o
LOAD ./system/src/diag/trace_impl.o
LOAD ./system/src/cortexm/_initialize_hardware.o
LOAD ./system/src/cortexm/_reset_hardware.o
LOAD ./system/src/cortexm/exception_handlers.o
LOAD ./system/src/cmsis/system_DEVICE.o
LOAD ./system/src/cmsis/vectors_DEVICE.o
LOAD ./src/Timer.o
LOAD ./src/_write.o
LOAD ./src/main.o
LOAD /home/george/workspace/gcc-arm-none-eabi-4_9-2014q4/bin/../lib/gcc/arm-none-eabi/4.9.3/../../../../arm-none-eabi/lib/armv6-m/libstdc++_nano.a
LOAD /home/george/workspace/gcc-arm-none-eabi-4_9-2014q4/bin/../lib/gcc/arm-none-eabi/4.9.3/../../../../arm-none-eabi/lib/armv6-m/libm.a
START GROUP
LOAD /home/george/workspace/gcc-arm-none-eabi-4_9-2014q4/bin/../lib/gcc/arm-none-eabi/4.9.3/armv6-m/libgcc.a
LOAD /home/george/workspace/gcc-arm-none-eabi-4_9-2014q4/bin/../lib/gcc/arm-none-eabi/4.9.3/../../../../arm-none-eabi/lib/armv6-m/libg_nano.a
LOAD /home/george/workspace/gcc-arm-none-eabi-4_9-2014q4/bin/../lib/gcc/arm-none-eabi/4.9.3/../../../../arm-none-eabi/lib/armv6-m/libc_nano.a
END GROUP
START GROUP
LOAD /home/george/workspace/gcc-arm-none-eabi-4_9-2014q4/bin/../lib/gcc/arm-none-eabi/4.9.3/armv6-m/libgcc.a
LOAD /home/george/workspace/gcc-arm-none-eabi-4_9-2014q4/bin/../lib/gcc/arm-none-eabi/4.9.3/../../../../arm-none-eabi/lib/armv6-m/libc_nano.a
END GROUP
                0x20005000                __stack = (ORIGIN (RAM) + 0x5000)
                0x20005000                _estack = __stack
                0x00000400                __Main_Stack_Size = 0x400
                0x00000400                PROVIDE (_Main_Stack_Size, __Main_Stack_Size)
                0x20004c00                __Main_Stack_Limit = (__stack - __Main_Stack_Size)
                0x20004c00                PROVIDE (_Main_Stack_Limit, __Main_Stack_Limit)
                0x00000100                _Minimum_Stack_Size = 0x100
                0x20000118                PROVIDE (_Heap_Begin, _end_noinit)
                0x20004c00                PROVIDE (_Heap_Limit, (__stack - __Main_Stack_Size))

.isr_vector     0x00000000      0x17c
                0x00000000                . = ALIGN (0x4)
 *(.isr_vector)
 .isr_vector    0x00000000       0x44 ./system/src/cmsis/vectors_DEVICE.o
                0x00000000                __isr_vectors
 *(.cfmconfig)
 *(.after_vectors .after_vectors.*)
 .after_vectors
                0x00000044      0x118 ./system/src/newlib/_startup.o
                0x00000044                _start
 .after_vectors
                0x0000015c       0x1c ./system/src/cortexm/exception_handlers.o
                0x0000015c                Reset_Handler
                0x00000164                NMI_Handler
                0x00000168                HardFault_Handler
                0x0000016c                SVC_Handler
                0x00000170                PendSV_Handler
 .after_vectors
                0x00000178        0x4 ./system/src/cmsis/vectors_DEVICE.o
                0x00000178                DeviceInterrupt_Handler
                0x00000178                Default_Handler
                0x0000017c                . = ALIGN (0x4)

.inits          0x0000017c        0x0
                0x0000017c                . = ALIGN (0x4)
 *(.init)
 *(.fini)
                0x0000017c                . = ALIGN (0x4)
                0x0000017c                PROVIDE (__preinit_array_start, .)
 *(.preinit_array_sysinit .preinit_array_sysinit.*)
 *(.preinit_array_platform .preinit_array_platform.*)
 *(.preinit_array .preinit_array.*)
                0x0000017c                PROVIDE (__preinit_array_end, .)
                0x0000017c                . = ALIGN (0x4)
                0x0000017c                PROVIDE (__init_array_start, .)
 *(SORT(.init_array.*))
 *(.init_array)
                0x0000017c                PROVIDE (__init_array_end, .)
                0x0000017c                . = ALIGN (0x4)
                0x0000017c                PROVIDE (__fini_array_start, .)
 *(SORT(.fini_array.*))
 *(.fini_array)
                0x0000017c                PROVIDE (__fini_array_end, .)
                0x0000017c                . = ALIGN (0x4)

.flashtext      0x0000017c        0x0
                0x0000017c                . = ALIGN (0x4)
 *(.flashtext .flashtext.*)
                0x0000017c                . = ALIGN (0x4)

.text           0x0000017c     0x15c7
                0x0000017c                . = ALIGN (0x4)
 *(.text .text.*)
 .text._exit    0x0000017c        0x4 ./system/src/newlib/_exit.o
                0x0000017c                _exit
 .text._sbrk    0x00000180       0x44 ./system/src/newlib/_sbrk.o
                0x00000180                _sbrk
 .text.__initialize_args
                0x000001c4       0x10 ./system/src/newlib/_syscalls.o
                0x000001c4                __initialize_args
 .text._close   0x000001d4       0x10 ./system/src/newlib/_syscalls.o
                0x000001d4                _close
 .text._fstat   0x000001e4       0x10 ./system/src/newlib/_syscalls.o
                0x000001e4                _fstat
 .text._isatty  0x000001f4       0x10 ./system/src/newlib/_syscalls.o
                0x000001f4                _isatty
 .text._lseek   0x00000204       0x10 ./system/src/newlib/_syscalls.o
                0x00000204                _lseek
 .text._read    0x00000214       0x10 ./system/src/newlib/_syscalls.o
                0x00000214                _read
 .text.trace_printf
                0x00000224       0x30 ./system/src/diag/Trace.o
                0x00000224                trace_printf
 .text.trace_puts
                0x00000254       0x20 ./system/src/diag/Trace.o
                0x00000254                trace_puts
 .text._trace_write_semihosting_debug
                0x00000274       0x64 ./system/src/diag/trace_impl.o
 .text.trace_write
                0x000002d8        0x8 ./system/src/diag/trace_impl.o
                0x000002d8                trace_write
 .text.__initialize_hardware_early
                0x000002e0        0x8 ./system/src/cortexm/_initialize_hardware.o
                0x000002e0                __initialize_hardware_early
 .text.__initialize_hardware
                0x000002e8        0x8 ./system/src/cortexm/_initialize_hardware.o
                0x000002e8                __initialize_hardware
 .text.SystemCoreClockUpdate
                0x000002f0       0x10 ./system/src/cmsis/system_DEVICE.o
                0x000002f0                SystemCoreClockUpdate
 .text.SystemInit
                0x00000300       0x10 ./system/src/cmsis/system_DEVICE.o
                0x00000300                SystemInit
 .text._ZN5Timer5sleepEm
                0x00000310       0x14 ./src/Timer.o
                0x00000310                Timer::sleep(unsigned long)
 .text.SysTick_Handler
                0x00000324       0x18 ./src/Timer.o
                0x00000324                SysTick_Handler
 .text._write   0x0000033c       0x20 ./src/_write.o
                0x0000033c                _write
 .text.main     0x0000035c       0x94 ./src/main.o
                0x0000035c                main
 .text          0x000003f0      0x120 /home/george/workspace/gcc-arm-none-eabi-4_9-2014q4/bin/../lib/gcc/arm-none-eabi/4.9.3/armv6-m/libgcc.a(_udivsi3.o)
                0x000003f0                __udivsi3
                0x000003f0                __aeabi_uidiv
                0x000004fc                __aeabi_uidivmod
 .text          0x00000510        0x4 /home/george/workspace/gcc-arm-none-eabi-4_9-2014q4/bin/../lib/gcc/arm-none-eabi/4.9.3/armv6-m/libgcc.a(_dvmd_tls.o)
                0x00000510                __aeabi_ldiv0
                0x00000510                __aeabi_idiv0
 .text.__errno  0x00000514        0xc /home/george/workspace/gcc-arm-none-eabi-4_9-2014q4/bin/../lib/gcc/arm-none-eabi/4.9.3/../../../../arm-none-eabi/lib/armv6-m/libg_nano.a(lib_a-errno.o)
                0x00000514                __errno
 .text._fwrite_r
                0x00000520       0xbc /home/george/workspace/gcc-arm-none-eabi-4_9-2014q4/bin/../lib/gcc/arm-none-eabi/4.9.3/../../../../arm-none-eabi/lib/armv6-m/libg_nano.a(lib_a-fwrite.o)
                0x00000520                _fwrite_r
 .text.fwrite   0x000005dc       0x20 /home/george/workspace/gcc-arm-none-eabi-4_9-2014q4/bin/../lib/gcc/arm-none-eabi/4.9.3/../../../../arm-none-eabi/lib/armv6-m/libg_nano.a(lib_a-fwrite.o)
                0x000005dc                fwrite
 .text._puts_r  0x000005fc       0xc2 /home/george/workspace/gcc-arm-none-eabi-4_9-2014q4/bin/../lib/gcc/arm-none-eabi/4.9.3/../../../../arm-none-eabi/lib/armv6-m/libg_nano.a(lib_a-puts.o)
                0x000005fc                _puts_r
 *fill*         0x000006be        0x2 
 .text.puts     0x000006c0       0x14 /home/george/workspace/gcc-arm-none-eabi-4_9-2014q4/bin/../lib/gcc/arm-none-eabi/4.9.3/../../../../arm-none-eabi/lib/armv6-m/libg_nano.a(lib_a-puts.o)
                0x000006c0                puts
 .text.strlen   0x000006d4        0xe /home/george/workspace/gcc-arm-none-eabi-4_9-2014q4/bin/../lib/gcc/arm-none-eabi/4.9.3/../../../../arm-none-eabi/lib/armv6-m/libg_nano.a(lib_a-strlen.o)
                0x000006d4                strlen
 .text._vsnprintf_r
                0x000006e2       0x54 /home/george/workspace/gcc-arm-none-eabi-4_9-2014q4/bin/../lib/gcc/arm-none-eabi/4.9.3/../../../../arm-none-eabi/lib/armv6-m/libg_nano.a(lib_a-vsnprintf.o)
                0x000006e2                _vsnprintf_r
                0x000006e2                _vsniprintf_r
 *fill*         0x00000736        0x2 
 .text.vsnprintf
                0x00000738       0x20 /home/george/workspace/gcc-arm-none-eabi-4_9-2014q4/bin/../lib/gcc/arm-none-eabi/4.9.3/../../../../arm-none-eabi/lib/armv6-m/libg_nano.a(lib_a-vsnprintf.o)
                0x00000738                vsnprintf
                0x00000738                vsniprintf
 .text.__swbuf_r
                0x00000758       0xb0 /home/george/workspace/gcc-arm-none-eabi-4_9-2014q4/bin/../lib/gcc/arm-none-eabi/4.9.3/../../../../arm-none-eabi/lib/armv6-m/libg_nano.a(lib_a-wbuf.o)
                0x00000758                __swbuf_r
 .text.__swsetup_r
                0x00000808       0xe8 /home/george/workspace/gcc-arm-none-eabi-4_9-2014q4/bin/../lib/gcc/arm-none-eabi/4.9.3/../../../../arm-none-eabi/lib/armv6-m/libg_nano.a(lib_a-wsetup.o)
                0x00000808                __swsetup_r
 .text.__sflush_r
                0x000008f0      0x112 /home/george/workspace/gcc-arm-none-eabi-4_9-2014q4/bin/../lib/gcc/arm-none-eabi/4.9.3/../../../../arm-none-eabi/lib/armv6-m/libg_nano.a(lib_a-fflush.o)
                0x000008f0                __sflush_r
 *fill*         0x00000a02        0x2 
 .text._fflush_r
                0x00000a04       0x58 /home/george/workspace/gcc-arm-none-eabi-4_9-2014q4/bin/../lib/gcc/arm-none-eabi/4.9.3/../../../../arm-none-eabi/lib/armv6-m/libg_nano.a(lib_a-fflush.o)
                0x00000a04                _fflush_r
 .text._cleanup_r
                0x00000a5c       0x10 /home/george/workspace/gcc-arm-none-eabi-4_9-2014q4/bin/../lib/gcc/arm-none-eabi/4.9.3/../../../../arm-none-eabi/lib/armv6-m/libg_nano.a(lib_a-findfp.o)
                0x00000a5c                _cleanup_r
 .text.std.isra.0
                0x00000a6c       0x48 /home/george/workspace/gcc-arm-none-eabi-4_9-2014q4/bin/../lib/gcc/arm-none-eabi/4.9.3/../../../../arm-none-eabi/lib/armv6-m/libg_nano.a(lib_a-findfp.o)
 .text.__sfmoreglue
                0x00000ab4       0x2c /home/george/workspace/gcc-arm-none-eabi-4_9-2014q4/bin/../lib/gcc/arm-none-eabi/4.9.3/../../../../arm-none-eabi/lib/armv6-m/libg_nano.a(lib_a-findfp.o)
                0x00000ab4                __sfmoreglue
 .text.__sinit  0x00000ae0       0x64 /home/george/workspace/gcc-arm-none-eabi-4_9-2014q4/bin/../lib/gcc/arm-none-eabi/4.9.3/../../../../arm-none-eabi/lib/armv6-m/libg_nano.a(lib_a-findfp.o)
                0x00000ae0                __sinit
 .text.__sfp    0x00000b44       0x7c /home/george/workspace/gcc-arm-none-eabi-4_9-2014q4/bin/../lib/gcc/arm-none-eabi/4.9.3/../../../../arm-none-eabi/lib/armv6-m/libg_nano.a(lib_a-findfp.o)
                0x00000b44                __sfp
 .text._fwalk_reent
                0x00000bc0       0x42 /home/george/workspace/gcc-arm-none-eabi-4_9-2014q4/bin/../lib/gcc/arm-none-eabi/4.9.3/../../../../arm-none-eabi/lib/armv6-m/libg_nano.a(lib_a-fwalk.o)
                0x00000bc0                _fwalk_reent
 *fill*         0x00000c02        0x2 
 .text.__smakebuf_r
                0x00000c04       0xb0 /home/george/workspace/gcc-arm-none-eabi-4_9-2014q4/bin/../lib/gcc/arm-none-eabi/4.9.3/../../../../arm-none-eabi/lib/armv6-m/libg_nano.a(lib_a-makebuf.o)
                0x00000c04                __smakebuf_r
 .text.memset   0x00000cb4       0x10 /home/george/workspace/gcc-arm-none-eabi-4_9-2014q4/bin/../lib/gcc/arm-none-eabi/4.9.3/../../../../arm-none-eabi/lib/armv6-m/libg_nano.a(lib_a-memset.o)
                0x00000cb4                memset
 .text._free_r  0x00000cc4       0x8c /home/george/workspace/gcc-arm-none-eabi-4_9-2014q4/bin/../lib/gcc/arm-none-eabi/4.9.3/../../../../arm-none-eabi/lib/armv6-m/libg_nano.a(lib_a-nano-freer.o)
                0x00000cc4                _free_r
 .text._malloc_r
                0x00000d50       0xb0 /home/george/workspace/gcc-arm-none-eabi-4_9-2014q4/bin/../lib/gcc/arm-none-eabi/4.9.3/../../../../arm-none-eabi/lib/armv6-m/libg_nano.a(lib_a-nano-mallocr.o)
                0x00000d50                _malloc_r
 .text.__ssputs_r
                0x00000e00       0xc0 /home/george/workspace/gcc-arm-none-eabi-4_9-2014q4/bin/../lib/gcc/arm-none-eabi/4.9.3/../../../../arm-none-eabi/lib/armv6-m/libg_nano.a(lib_a-nano-svfprintf.o)
                0x00000e00                __ssputs_r
 .text._svfprintf_r
                0x00000ec0      0x1ec /home/george/workspace/gcc-arm-none-eabi-4_9-2014q4/bin/../lib/gcc/arm-none-eabi/4.9.3/../../../../arm-none-eabi/lib/armv6-m/libg_nano.a(lib_a-nano-svfprintf.o)
                0x00000ec0                _svfprintf_r
                0x00000ec0                _svfiprintf_r
 .text._printf_common
                0x000010ac       0xdc /home/george/workspace/gcc-arm-none-eabi-4_9-2014q4/bin/../lib/gcc/arm-none-eabi/4.9.3/../../../../arm-none-eabi/lib/armv6-m/libg_nano.a(lib_a-nano-vfprintf_i.o)
                0x000010ac                _printf_common
 .text._printf_i
                0x00001188      0x230 /home/george/workspace/gcc-arm-none-eabi-4_9-2014q4/bin/../lib/gcc/arm-none-eabi/4.9.3/../../../../arm-none-eabi/lib/armv6-m/libg_nano.a(lib_a-nano-vfprintf_i.o)
                0x00001188                _printf_i
 .text._sbrk_r  0x000013b8       0x24 /home/george/workspace/gcc-arm-none-eabi-4_9-2014q4/bin/../lib/gcc/arm-none-eabi/4.9.3/../../../../arm-none-eabi/lib/armv6-m/libg_nano.a(lib_a-sbrkr.o)
                0x000013b8                _sbrk_r
 .text.__sread  0x000013dc       0x28 /home/george/workspace/gcc-arm-none-eabi-4_9-2014q4/bin/../lib/gcc/arm-none-eabi/4.9.3/../../../../arm-none-eabi/lib/armv6-m/libg_nano.a(lib_a-stdio.o)
                0x000013dc                __sread
 .text.__swrite
                0x00001404       0x38 /home/george/workspace/gcc-arm-none-eabi-4_9-2014q4/bin/../lib/gcc/arm-none-eabi/4.9.3/../../../../arm-none-eabi/lib/armv6-m/libg_nano.a(lib_a-stdio.o)
                0x00001404                __swrite
 .text.__sseek  0x0000143c       0x2c /home/george/workspace/gcc-arm-none-eabi-4_9-2014q4/bin/../lib/gcc/arm-none-eabi/4.9.3/../../../../arm-none-eabi/lib/armv6-m/libg_nano.a(lib_a-stdio.o)
                0x0000143c                __sseek
 .text.__sclose
                0x00001468        0xc /home/george/workspace/gcc-arm-none-eabi-4_9-2014q4/bin/../lib/gcc/arm-none-eabi/4.9.3/../../../../arm-none-eabi/lib/armv6-m/libg_nano.a(lib_a-stdio.o)
                0x00001468                __sclose
 .text._write_r
                0x00001474       0x28 /home/george/workspace/gcc-arm-none-eabi-4_9-2014q4/bin/../lib/gcc/arm-none-eabi/4.9.3/../../../../arm-none-eabi/lib/armv6-m/libg_nano.a(lib_a-writer.o)
                0x00001474                _write_r
 .text._close_r
                0x0000149c       0x24 /home/george/workspace/gcc-arm-none-eabi-4_9-2014q4/bin/../lib/gcc/arm-none-eabi/4.9.3/../../../../arm-none-eabi/lib/armv6-m/libg_nano.a(lib_a-closer.o)
                0x0000149c                _close_r
 .text._fstat_r
                0x000014c0       0x24 /home/george/workspace/gcc-arm-none-eabi-4_9-2014q4/bin/../lib/gcc/arm-none-eabi/4.9.3/../../../../arm-none-eabi/lib/armv6-m/libg_nano.a(lib_a-fstatr.o)
                0x000014c0                _fstat_r
 .text._isatty_r
                0x000014e4       0x24 /home/george/workspace/gcc-arm-none-eabi-4_9-2014q4/bin/../lib/gcc/arm-none-eabi/4.9.3/../../../../arm-none-eabi/lib/armv6-m/libg_nano.a(lib_a-isattyr.o)
                0x000014e4                _isatty_r
 .text._lseek_r
                0x00001508       0x28 /home/george/workspace/gcc-arm-none-eabi-4_9-2014q4/bin/../lib/gcc/arm-none-eabi/4.9.3/../../../../arm-none-eabi/lib/armv6-m/libg_nano.a(lib_a-lseekr.o)
                0x00001508                _lseek_r
 .text.memchr   0x00001530       0x16 /home/george/workspace/gcc-arm-none-eabi-4_9-2014q4/bin/../lib/gcc/arm-none-eabi/4.9.3/../../../../arm-none-eabi/lib/armv6-m/libg_nano.a(lib_a-memchr.o)
                0x00001530                memchr
 .text.memcpy   0x00001546       0x12 /home/george/workspace/gcc-arm-none-eabi-4_9-2014q4/bin/../lib/gcc/arm-none-eabi/4.9.3/../../../../arm-none-eabi/lib/armv6-m/libg_nano.a(lib_a-memcpy.o)
                0x00001546                memcpy
 .text.memmove  0x00001558       0x28 /home/george/workspace/gcc-arm-none-eabi-4_9-2014q4/bin/../lib/gcc/arm-none-eabi/4.9.3/../../../../arm-none-eabi/lib/armv6-m/libg_nano.a(lib_a-memmove.o)
                0x00001558                memmove
 .text._realloc_r
                0x00001580       0x4c /home/george/workspace/gcc-arm-none-eabi-4_9-2014q4/bin/../lib/gcc/arm-none-eabi/4.9.3/../../../../arm-none-eabi/lib/armv6-m/libg_nano.a(lib_a-nano-reallocr.o)
                0x00001580                _realloc_r
 .text._read_r  0x000015cc       0x28 /home/george/workspace/gcc-arm-none-eabi-4_9-2014q4/bin/../lib/gcc/arm-none-eabi/4.9.3/../../../../arm-none-eabi/lib/armv6-m/libg_nano.a(lib_a-readr.o)
                0x000015cc                _read_r
 .text._malloc_usable_size_r
                0x000015f4       0x16 /home/george/workspace/gcc-arm-none-eabi-4_9-2014q4/bin/../lib/gcc/arm-none-eabi/4.9.3/../../../../arm-none-eabi/lib/armv6-m/libg_nano.a(lib_a-nano-msizer.o)
                0x000015f4                _malloc_usable_size_r
 *(.rodata .rodata.*)
 *fill*         0x0000160a        0x2 
 .rodata.str1.4
                0x0000160c       0x2d ./system/src/diag/Trace.o
                                 0x30 (size before relaxing)
 *fill*         0x00001639        0x3 
 .rodata.str1.4
                0x0000163c       0x6c ./src/main.o
 .rodata.str1.1
                0x000016a8        0x2 /home/george/workspace/gcc-arm-none-eabi-4_9-2014q4/bin/../lib/gcc/arm-none-eabi/4.9.3/../../../../arm-none-eabi/lib/armv6-m/libg_nano.a(lib_a-impure.o)
 *fill*         0x000016aa        0x2 
 .rodata._global_impure_ptr
                0x000016ac        0x4 /home/george/workspace/gcc-arm-none-eabi-4_9-2014q4/bin/../lib/gcc/arm-none-eabi/4.9.3/../../../../arm-none-eabi/lib/armv6-m/libg_nano.a(lib_a-impure.o)
                0x000016ac                _global_impure_ptr
 .rodata.__sf_fake_stdin
                0x000016b0       0x20 /home/george/workspace/gcc-arm-none-eabi-4_9-2014q4/bin/../lib/gcc/arm-none-eabi/4.9.3/../../../../arm-none-eabi/lib/armv6-m/libg_nano.a(lib_a-findfp.o)
                0x000016b0                __sf_fake_stdin
 .rodata.__sf_fake_stdout
                0x000016d0       0x20 /home/george/workspace/gcc-arm-none-eabi-4_9-2014q4/bin/../lib/gcc/arm-none-eabi/4.9.3/../../../../arm-none-eabi/lib/armv6-m/libg_nano.a(lib_a-findfp.o)
                0x000016d0                __sf_fake_stdout
 .rodata.__sf_fake_stderr
                0x000016f0       0x20 /home/george/workspace/gcc-arm-none-eabi-4_9-2014q4/bin/../lib/gcc/arm-none-eabi/4.9.3/../../../../arm-none-eabi/lib/armv6-m/libg_nano.a(lib_a-findfp.o)
                0x000016f0                __sf_fake_stderr
 .rodata.str1.1
                0x00001710       0x11 /home/george/workspace/gcc-arm-none-eabi-4_9-2014q4/bin/../lib/gcc/arm-none-eabi/4.9.3/../../../../arm-none-eabi/lib/armv6-m/libg_nano.a(lib_a-nano-svfprintf.o)
 .rodata.str1.1
                0x00001721       0x22 /home/george/workspace/gcc-arm-none-eabi-4_9-2014q4/bin/../lib/gcc/arm-none-eabi/4.9.3/../../../../arm-none-eabi/lib/armv6-m/libg_nano.a(lib_a-nano-vfprintf_i.o)
 *(vtable)
 *(.eh_frame*)
 *(.glue_7)
 .glue_7        0x00000000        0x0 linker stubs
 *(.glue_7t)
 .glue_7t       0x00000000        0x0 linker stubs

.vfp11_veneer   0x00001744        0x0
 .vfp11_veneer  0x00000000        0x0 linker stubs

.v4_bx          0x00001744        0x0
 .v4_bx         0x00000000        0x0 linker stubs

.iplt           0x00001744        0x0
 .iplt          0x00000000        0x0 ./system/src/newlib/_cxx.o

.rel.dyn        0x00001744        0x0
 .rel.iplt      0x00000000        0x0 ./system/src/newlib/_cxx.o

.ARM.extab
 *(.ARM.extab* .gnu.linkonce.armextab.*)
                0x00001744                __exidx_start = .

.ARM.exidx
 *(.ARM.exidx* .gnu.linkonce.armexidx.*)
                0x00001744                __exidx_end = .
                0x00001744                . = ALIGN (0x4)
                0x00001744                _etext = .
                0x00001744                __etext = .
                0x00001744                _sidata = _etext

.data           0x20000000       0x78 load address 0x00001744
                0x20000000                . = ALIGN (0x4)
                0x20000000                _sdata = .
                0x20000000                __data_start__ = .
 *(.data_begin .data_begin.*)
 .data_begin    0x20000000        0x4 ./system/src/newlib/_startup.o
 *(.data .data.*)
 .data.argv.4510
                0x20000004        0x8 ./system/src/newlib/_syscalls.o
 .data.SystemCoreClock
                0x2000000c        0x4 ./system/src/cmsis/system_DEVICE.o
                0x2000000c                SystemCoreClock
 .data.impure_data
                0x20000010       0x60 /home/george/workspace/gcc-arm-none-eabi-4_9-2014q4/bin/../lib/gcc/arm-none-eabi/4.9.3/../../../../arm-none-eabi/lib/armv6-m/libg_nano.a(lib_a-impure.o)
 .data._impure_ptr
                0x20000070        0x4 /home/george/workspace/gcc-arm-none-eabi-4_9-2014q4/bin/../lib/gcc/arm-none-eabi/4.9.3/../../../../arm-none-eabi/lib/armv6-m/libg_nano.a(lib_a-impure.o)
                0x20000070                _impure_ptr
 *(.data_end .data_end.*)
 .data_end      0x20000074        0x4 ./system/src/newlib/_startup.o
                0x20000078                . = ALIGN (0x4)
                0x20000078                _edata = .
                0x20000078                __data_end__ = .

.igot.plt       0x20000078        0x0 load address 0x000017bc
 .igot.plt      0x00000000        0x0 ./system/src/newlib/_cxx.o

.bss            0x20000078       0xa0 load address 0x000017bc
                0x20000078                . = ALIGN (0x4)
                0x20000078                __bss_start__ = .
                0x20000078                _sbss = .
 *(.bss_begin .bss_begin.*)
 .bss_begin     0x20000078        0x4 ./system/src/newlib/_startup.o
 *(.bss .bss.*)
 .bss.current_heap_end.4304
                0x2000007c        0x4 ./system/src/newlib/_sbrk.o
 .bss.name.4509
                0x20000080        0x4 ./system/src/newlib/_syscalls.o
 .bss.buf.5385  0x20000084       0x80 ./system/src/diag/Trace.o
 .bss._ZN5Timer13ms_delayCountE
                0x20000104        0x4 ./src/Timer.o
                0x20000104                Timer::ms_delayCount
 .bss.__malloc_sbrk_start
                0x20000108        0x4 /home/george/workspace/gcc-arm-none-eabi-4_9-2014q4/bin/../lib/gcc/arm-none-eabi/4.9.3/../../../../arm-none-eabi/lib/armv6-m/libg_nano.a(lib_a-nano-mallocr.o)
                0x20000108                __malloc_sbrk_start
 .bss.__malloc_free_list
                0x2000010c        0x4 /home/george/workspace/gcc-arm-none-eabi-4_9-2014q4/bin/../lib/gcc/arm-none-eabi/4.9.3/../../../../arm-none-eabi/lib/armv6-m/libg_nano.a(lib_a-nano-mallocr.o)
                0x2000010c                __malloc_free_list
 *(COMMON)
 COMMON         0x20000110        0x4 ./system/src/newlib/_syscalls.o
                0x20000110                errno
 *(.bss_end .bss_end.*)
 .bss_end       0x20000114        0x4 ./system/src/newlib/_startup.o
                0x20000118                . = ALIGN (0x4)
                0x20000118                __bss_end__ = .
                0x20000118                _ebss = .

.noinit         0x20000118        0x0
                0x20000118                . = ALIGN (0x4)
                0x20000118                _noinit = .
 *(.noinit .noinit.*)
                0x20000118                . = ALIGN (0x4)
                0x20000118                _end_noinit = .
                0x20000118                PROVIDE (end, _end_noinit)
                0x20000118                PROVIDE (_end, _end_noinit)
                0x20000118                PROVIDE (__end, _end_noinit)
                0x20000118                PROVIDE (__end__, _end_noinit)

._check_stack   0x20000118      0x100 load address 0x0000185c
                0x20000118                . = ALIGN (0x4)
                0x20000218                . = (. + _Minimum_Stack_Size)
 *fill*         0x20000118      0x100 
                0x20000218                . = ALIGN (0x4)

.bss_CCMRAM
 *(.bss.CCMRAM .bss.CCMRAM.*)

.b1text
 *(.b1text)
 *(.b1rodata)
 *(.b1rodata.*)

.eb0text
 *(.eb0text)
 *(.eb0rodata)
 *(.eb0rodata.*)

.eb1text
 *(.eb1text)
 *(.eb1rodata)
 *(.eb1rodata.*)

.eb2text
 *(.eb2text)
 *(.eb2rodata)
 *(.eb2rodata.*)

.eb3text
 *(.eb3text)
 *(.eb3rodata)
 *(.eb3rodata.*)

.stab
 *(.stab)

.stabstr
 *(.stabstr)

.stab.excl
 *(.stab.excl)

.stab.exclstr
 *(.stab.exclstr)

.stab.index
 *(.stab.index)

.stab.indexstr
 *(.stab.indexstr)

.comment        0x00000000       0x70
 *(.comment)
 .comment       0x00000000       0x70 ./system/src/newlib/_exit.o
                                 0x71 (size before relaxing)
 .comment       0x00000000       0x71 ./system/src/newlib/_sbrk.o
 .comment       0x00000000       0x71 ./system/src/newlib/_startup.o
 .comment       0x00000000       0x71 ./system/src/newlib/_syscalls.o
 .comment       0x00000000       0x71 ./system/src/diag/Trace.o
 .comment       0x00000000       0x71 ./system/src/diag/trace_impl.o
 .comment       0x00000000       0x71 ./system/src/cortexm/_initialize_hardware.o
 .comment       0x00000000       0x71 ./system/src/cortexm/exception_handlers.o
 .comment       0x00000000       0x71 ./system/src/cmsis/system_DEVICE.o
 .comment       0x00000000       0x71 ./system/src/cmsis/vectors_DEVICE.o
 .comment       0x00000000       0x71 ./src/Timer.o
 .comment       0x00000000       0x71 ./src/_write.o
 .comment       0x00000000       0x71 ./src/main.o

.ARM.attributes
                0x00000000       0x31
 .ARM.attributes
                0x00000000       0x31 ./system/src/newlib/_exit.o
 .ARM.attributes
                0x00000031       0x31 ./system/src/newlib/_sbrk.o
 .ARM.attributes
                0x00000062       0x31 ./system/src/newlib/_startup.o
 .ARM.attributes
                0x00000093       0x31 ./system/src/newlib/_syscalls.o
 .ARM.attributes
                0x000000c4       0x31 ./system/src/diag/Trace.o
 .ARM.attributes
                0x000000f5       0x31 ./system/src/diag/trace_impl.o
 .ARM.attributes
                0x00000126       0x31 ./system/src/cortexm/_initialize_hardware.o
 .ARM.attributes
                0x00000157       0x31 ./system/src/cortexm/exception_handlers.o
 .ARM.attributes
                0x00000188       0x31 ./system/src/cmsis/system_DEVICE.o
 .ARM.attributes
                0x000001b9       0x31 ./system/src/cmsis/vectors_DEVICE.o
 .ARM.attributes
                0x000001ea       0x31 ./src/Timer.o
 .ARM.attributes
                0x0000021b       0x31 ./src/_write.o
 .ARM.attributes
                0x0000024c       0x31 ./src/main.o
 .ARM.attributes
                0x0000027d       0x1e /home/george/workspace/gcc-arm-none-eabi-4_9-2014q4/bin/../lib/gcc/arm-none-eabi/4.9.3/armv6-m/libgcc.a(_udivsi3.o)
 .ARM.attributes
                0x0000029b       0x1e /home/george/workspace/gcc-arm-none-eabi-4_9-2014q4/bin/../lib/gcc/arm-none-eabi/4.9.3/armv6-m/libgcc.a(_dvmd_tls.o)
 .ARM.attributes
                0x000002b9       0x2c /home/george/workspace/gcc-arm-none-eabi-4_9-2014q4/bin/../lib/gcc/arm-none-eabi/4.9.3/../../../../arm-none-eabi/lib/armv6-m/libg_nano.a(lib_a-errno.o)
 .ARM.attributes
                0x000002e5       0x2c /home/george/workspace/gcc-arm-none-eabi-4_9-2014q4/bin/../lib/gcc/arm-none-eabi/4.9.3/../../../../arm-none-eabi/lib/armv6-m/libg_nano.a(lib_a-fwrite.o)
 .ARM.attributes
                0x00000311       0x2c /home/george/workspace/gcc-arm-none-eabi-4_9-2014q4/bin/../lib/gcc/arm-none-eabi/4.9.3/../../../../arm-none-eabi/lib/armv6-m/libg_nano.a(lib_a-impure.o)
 .ARM.attributes
                0x0000033d       0x2c /home/george/workspace/gcc-arm-none-eabi-4_9-2014q4/bin/../lib/gcc/arm-none-eabi/4.9.3/../../../../arm-none-eabi/lib/armv6-m/libg_nano.a(lib_a-puts.o)
 .ARM.attributes
                0x00000369       0x2c /home/george/workspace/gcc-arm-none-eabi-4_9-2014q4/bin/../lib/gcc/arm-none-eabi/4.9.3/../../../../arm-none-eabi/lib/armv6-m/libg_nano.a(lib_a-strlen.o)
 .ARM.attributes
                0x00000395       0x2c /home/george/workspace/gcc-arm-none-eabi-4_9-2014q4/bin/../lib/gcc/arm-none-eabi/4.9.3/../../../../arm-none-eabi/lib/armv6-m/libg_nano.a(lib_a-vsnprintf.o)
 .ARM.attributes
                0x000003c1       0x2c /home/george/workspace/gcc-arm-none-eabi-4_9-2014q4/bin/../lib/gcc/arm-none-eabi/4.9.3/../../../../arm-none-eabi/lib/armv6-m/libg_nano.a(lib_a-wbuf.o)
 .ARM.attributes
                0x000003ed       0x2c /home/george/workspace/gcc-arm-none-eabi-4_9-2014q4/bin/../lib/gcc/arm-none-eabi/4.9.3/../../../../arm-none-eabi/lib/armv6-m/libg_nano.a(lib_a-wsetup.o)
 .ARM.attributes
                0x00000419       0x2c /home/george/workspace/gcc-arm-none-eabi-4_9-2014q4/bin/../lib/gcc/arm-none-eabi/4.9.3/../../../../arm-none-eabi/lib/armv6-m/libg_nano.a(lib_a-fflush.o)
 .ARM.attributes
                0x00000445       0x2c /home/george/workspace/gcc-arm-none-eabi-4_9-2014q4/bin/../lib/gcc/arm-none-eabi/4.9.3/../../../../arm-none-eabi/lib/armv6-m/libg_nano.a(lib_a-findfp.o)
 .ARM.attributes
                0x00000471       0x2c /home/george/workspace/gcc-arm-none-eabi-4_9-2014q4/bin/../lib/gcc/arm-none-eabi/4.9.3/../../../../arm-none-eabi/lib/armv6-m/libg_nano.a(lib_a-fwalk.o)
 .ARM.attributes
                0x0000049d       0x2c /home/george/workspace/gcc-arm-none-eabi-4_9-2014q4/bin/../lib/gcc/arm-none-eabi/4.9.3/../../../../arm-none-eabi/lib/armv6-m/libg_nano.a(lib_a-makebuf.o)
 .ARM.attributes
                0x000004c9       0x2c /home/george/workspace/gcc-arm-none-eabi-4_9-2014q4/bin/../lib/gcc/arm-none-eabi/4.9.3/../../../../arm-none-eabi/lib/armv6-m/libg_nano.a(lib_a-memset.o)
 .ARM.attributes
                0x000004f5       0x2c /home/george/workspace/gcc-arm-none-eabi-4_9-2014q4/bin/../lib/gcc/arm-none-eabi/4.9.3/../../../../arm-none-eabi/lib/armv6-m/libg_nano.a(lib_a-nano-freer.o)
 .ARM.attributes
                0x00000521       0x2c /home/george/workspace/gcc-arm-none-eabi-4_9-2014q4/bin/../lib/gcc/arm-none-eabi/4.9.3/../../../../arm-none-eabi/lib/armv6-m/libg_nano.a(lib_a-nano-mallocr.o)
 .ARM.attributes
                0x0000054d       0x2c /home/george/workspace/gcc-arm-none-eabi-4_9-2014q4/bin/../lib/gcc/arm-none-eabi/4.9.3/../../../../arm-none-eabi/lib/armv6-m/libg_nano.a(lib_a-nano-svfprintf.o)
 .ARM.attributes
                0x00000579       0x2c /home/george/workspace/gcc-arm-none-eabi-4_9-2014q4/bin/../lib/gcc/arm-none-eabi/4.9.3/../../../../arm-none-eabi/lib/armv6-m/libg_nano.a(lib_a-nano-vfprintf_i.o)
 .ARM.attributes
                0x000005a5       0x2c /home/george/workspace/gcc-arm-none-eabi-4_9-2014q4/bin/../lib/gcc/arm-none-eabi/4.9.3/../../../../arm-none-eabi/lib/armv6-m/libg_nano.a(lib_a-sbrkr.o)
 .ARM.attributes
                0x000005d1       0x2c /home/george/workspace/gcc-arm-none-eabi-4_9-2014q4/bin/../lib/gcc/arm-none-eabi/4.9.3/../../../../arm-none-eabi/lib/armv6-m/libg_nano.a(lib_a-stdio.o)
 .ARM.attributes
                0x000005fd       0x2c /home/george/workspace/gcc-arm-none-eabi-4_9-2014q4/bin/../lib/gcc/arm-none-eabi/4.9.3/../../../../arm-none-eabi/lib/armv6-m/libg_nano.a(lib_a-writer.o)
 .ARM.attributes
                0x00000629       0x2c /home/george/workspace/gcc-arm-none-eabi-4_9-2014q4/bin/../lib/gcc/arm-none-eabi/4.9.3/../../../../arm-none-eabi/lib/armv6-m/libg_nano.a(lib_a-closer.o)
 .ARM.attributes
                0x00000655       0x2c /home/george/workspace/gcc-arm-none-eabi-4_9-2014q4/bin/../lib/gcc/arm-none-eabi/4.9.3/../../../../arm-none-eabi/lib/armv6-m/libg_nano.a(lib_a-fstatr.o)
 .ARM.attributes
                0x00000681       0x2c /home/george/workspace/gcc-arm-none-eabi-4_9-2014q4/bin/../lib/gcc/arm-none-eabi/4.9.3/../../../../arm-none-eabi/lib/armv6-m/libg_nano.a(lib_a-isattyr.o)
 .ARM.attributes
                0x000006ad       0x2c /home/george/workspace/gcc-arm-none-eabi-4_9-2014q4/bin/../lib/gcc/arm-none-eabi/4.9.3/../../../../arm-none-eabi/lib/armv6-m/libg_nano.a(lib_a-lseekr.o)
 .ARM.attributes
                0x000006d9       0x2c /home/george/workspace/gcc-arm-none-eabi-4_9-2014q4/bin/../lib/gcc/arm-none-eabi/4.9.3/../../../../arm-none-eabi/lib/armv6-m/libg_nano.a(lib_a-memchr.o)
 .ARM.attributes
                0x00000705       0x2c /home/george/workspace/gcc-arm-none-eabi-4_9-2014q4/bin/../lib/gcc/arm-none-eabi/4.9.3/../../../../arm-none-eabi/lib/armv6-m/libg_nano.a(lib_a-memcpy.o)
 .ARM.attributes
                0x00000731       0x2c /home/george/workspace/gcc-arm-none-eabi-4_9-2014q4/bin/../lib/gcc/arm-none-eabi/4.9.3/../../../../arm-none-eabi/lib/armv6-m/libg_nano.a(lib_a-memmove.o)
 .ARM.attributes
                0x0000075d       0x2c /home/george/workspace/gcc-arm-none-eabi-4_9-2014q4/bin/../lib/gcc/arm-none-eabi/4.9.3/../../../../arm-none-eabi/lib/armv6-m/libg_nano.a(lib_a-nano-reallocr.o)
 .ARM.attributes
                0x00000789       0x2c /home/george/workspace/gcc-arm-none-eabi-4_9-2014q4/bin/../lib/gcc/arm-none-eabi/4.9.3/../../../../arm-none-eabi/lib/armv6-m/libg_nano.a(lib_a-readr.o)
 .ARM.attributes
                0x000007b5       0x2c /home/george/workspace/gcc-arm-none-eabi-4_9-2014q4/bin/../lib/gcc/arm-none-eabi/4.9.3/../../../../arm-none-eabi/lib/armv6-m/libg_nano.a(lib_a-nano-msizer.o)

.debug
 *(.debug)

.line
 *(.line)

.debug_srcinfo
 *(.debug_srcinfo)

.debug_sfnames
 *(.debug_sfnames)

.debug_aranges  0x00000000      0x2e0
 *(.debug_aranges)
 .debug_aranges
                0x00000000       0x28 ./system/src/newlib/_exit.o
 .debug_aranges
                0x00000028       0x20 ./system/src/newlib/_sbrk.o
 .debug_aranges
                0x00000048       0x40 ./system/src/newlib/_startup.o
 .debug_aranges
                0x00000088       0xd0 ./system/src/newlib/_syscalls.o
 .debug_aranges
                0x00000158       0x38 ./system/src/diag/Trace.o
 .debug_aranges
                0x00000190       0x30 ./system/src/diag/trace_impl.o
 .debug_aranges
                0x000001c0       0x28 ./system/src/cortexm/_initialize_hardware.o
 .debug_aranges
                0x000001e8       0x48 ./system/src/cortexm/exception_handlers.o
 .debug_aranges
                0x00000230       0x28 ./system/src/cmsis/system_DEVICE.o
 .debug_aranges
                0x00000258       0x20 ./system/src/cmsis/vectors_DEVICE.o
 .debug_aranges
                0x00000278       0x28 ./src/Timer.o
 .debug_aranges
                0x000002a0       0x20 ./src/_write.o
 .debug_aranges
                0x000002c0       0x20 ./src/main.o

.debug_pubnames
 *(.debug_pubnames)

.debug_info     0x00000000     0x28c4
 *(.debug_info .gnu.linkonce.wi.*)
 .debug_info    0x00000000      0x100 ./system/src/newlib/_exit.o
 .debug_info    0x00000100      0x125 ./system/src/newlib/_sbrk.o
 .debug_info    0x00000225      0x47f ./system/src/newlib/_startup.o
 .debug_info    0x000006a4      0x8f3 ./system/src/newlib/_syscalls.o
 .debug_info    0x00000f97      0x32b ./system/src/diag/Trace.o
 .debug_info    0x000012c2      0x2e4 ./system/src/diag/trace_impl.o
 .debug_info    0x000015a6       0xc3 ./system/src/cortexm/_initialize_hardware.o
 .debug_info    0x00001669       0xa5 ./system/src/cortexm/exception_handlers.o
 .debug_info    0x0000170e       0xc0 ./system/src/cmsis/system_DEVICE.o
 .debug_info    0x000017ce       0x91 ./system/src/cmsis/vectors_DEVICE.o
 .debug_info    0x0000185f      0x18f ./src/Timer.o
 .debug_info    0x000019ee      0x147 ./src/_write.o
 .debug_info    0x00001b35      0xd8f ./src/main.o

.debug_abbrev   0x00000000      0xfa2
 *(.debug_abbrev)
 .debug_abbrev  0x00000000       0xa4 ./system/src/newlib/_exit.o
 .debug_abbrev  0x000000a4       0xbb ./system/src/newlib/_sbrk.o
 .debug_abbrev  0x0000015f      0x1e9 ./system/src/newlib/_startup.o
 .debug_abbrev  0x00000348      0x178 ./system/src/newlib/_syscalls.o
 .debug_abbrev  0x000004c0      0x178 ./system/src/diag/Trace.o
 .debug_abbrev  0x00000638      0x1a3 ./system/src/diag/trace_impl.o
 .debug_abbrev  0x000007db       0x63 ./system/src/cortexm/_initialize_hardware.o
 .debug_abbrev  0x0000083e       0x65 ./system/src/cortexm/exception_handlers.o
 .debug_abbrev  0x000008a3       0x63 ./system/src/cmsis/system_DEVICE.o
 .debug_abbrev  0x00000906       0x92 ./system/src/cmsis/vectors_DEVICE.o
 .debug_abbrev  0x00000998      0x170 ./src/Timer.o
 .debug_abbrev  0x00000b08       0xd7 ./src/_write.o
 .debug_abbrev  0x00000bdf      0x3c3 ./src/main.o

.debug_line     0x00000000     0x220a
 *(.debug_line)
 .debug_line    0x00000000      0x2ad ./system/src/newlib/_exit.o
 .debug_line    0x000002ad      0x24f ./system/src/newlib/_sbrk.o
 .debug_line    0x000004fc      0x317 ./system/src/newlib/_startup.o
 .debug_line    0x00000813      0x4c2 ./system/src/newlib/_syscalls.o
 .debug_line    0x00000cd5      0x309 ./system/src/diag/Trace.o
 .debug_line    0x00000fde      0x388 ./system/src/diag/trace_impl.o
 .debug_line    0x00001366      0x275 ./system/src/cortexm/_initialize_hardware.o
 .debug_line    0x000015db       0xac ./system/src/cortexm/exception_handlers.o
 .debug_line    0x00001687      0x259 ./system/src/cmsis/system_DEVICE.o
 .debug_line    0x000018e0       0x8b ./system/src/cmsis/vectors_DEVICE.o
 .debug_line    0x0000196b      0x2ab ./src/Timer.o
 .debug_line    0x00001c16      0x281 ./src/_write.o
 .debug_line    0x00001e97      0x373 ./src/main.o

.debug_frame    0x00000000      0xd18
 *(.debug_frame)
 .debug_frame   0x00000000       0x38 ./system/src/newlib/_exit.o
 .debug_frame   0x00000038       0x28 ./system/src/newlib/_sbrk.o
 .debug_frame   0x00000060       0x80 ./system/src/newlib/_startup.o
 .debug_frame   0x000000e0      0x230 ./system/src/newlib/_syscalls.o
 .debug_frame   0x00000310       0x78 ./system/src/diag/Trace.o
 .debug_frame   0x00000388       0x60 ./system/src/diag/trace_impl.o
 .debug_frame   0x000003e8       0x40 ./system/src/cortexm/_initialize_hardware.o
 .debug_frame   0x00000428       0x78 ./system/src/cortexm/exception_handlers.o
 .debug_frame   0x000004a0       0x30 ./system/src/cmsis/system_DEVICE.o
 .debug_frame   0x000004d0       0x20 ./system/src/cmsis/vectors_DEVICE.o
 .debug_frame   0x000004f0       0x30 ./src/Timer.o
 .debug_frame   0x00000520       0x28 ./src/_write.o
 .debug_frame   0x00000548       0x28 ./src/main.o
 .debug_frame   0x00000570       0x20 /home/george/workspace/gcc-arm-none-eabi-4_9-2014q4/bin/../lib/gcc/arm-none-eabi/4.9.3/armv6-m/libgcc.a(_udivsi3.o)
 .debug_frame   0x00000590       0x20 /home/george/workspace/gcc-arm-none-eabi-4_9-2014q4/bin/../lib/gcc/arm-none-eabi/4.9.3/../../../../arm-none-eabi/lib/armv6-m/libg_nano.a(lib_a-errno.o)
 .debug_frame   0x000005b0       0x54 /home/george/workspace/gcc-arm-none-eabi-4_9-2014q4/bin/../lib/gcc/arm-none-eabi/4.9.3/../../../../arm-none-eabi/lib/armv6-m/libg_nano.a(lib_a-fwrite.o)
 .debug_frame   0x00000604       0x44 /home/george/workspace/gcc-arm-none-eabi-4_9-2014q4/bin/../lib/gcc/arm-none-eabi/4.9.3/../../../../arm-none-eabi/lib/armv6-m/libg_nano.a(lib_a-puts.o)
 .debug_frame   0x00000648       0x20 /home/george/workspace/gcc-arm-none-eabi-4_9-2014q4/bin/../lib/gcc/arm-none-eabi/4.9.3/../../../../arm-none-eabi/lib/armv6-m/libg_nano.a(lib_a-strlen.o)
 .debug_frame   0x00000668       0x4c /home/george/workspace/gcc-arm-none-eabi-4_9-2014q4/bin/../lib/gcc/arm-none-eabi/4.9.3/../../../../arm-none-eabi/lib/armv6-m/libg_nano.a(lib_a-vsnprintf.o)
 .debug_frame   0x000006b4       0x44 /home/george/workspace/gcc-arm-none-eabi-4_9-2014q4/bin/../lib/gcc/arm-none-eabi/4.9.3/../../../../arm-none-eabi/lib/armv6-m/libg_nano.a(lib_a-wbuf.o)
 .debug_frame   0x000006f8       0x2c /home/george/workspace/gcc-arm-none-eabi-4_9-2014q4/bin/../lib/gcc/arm-none-eabi/4.9.3/../../../../arm-none-eabi/lib/armv6-m/libg_nano.a(lib_a-wsetup.o)
 .debug_frame   0x00000724       0x68 /home/george/workspace/gcc-arm-none-eabi-4_9-2014q4/bin/../lib/gcc/arm-none-eabi/4.9.3/../../../../arm-none-eabi/lib/armv6-m/libg_nano.a(lib_a-fflush.o)
 .debug_frame   0x0000078c      0x140 /home/george/workspace/gcc-arm-none-eabi-4_9-2014q4/bin/../lib/gcc/arm-none-eabi/4.9.3/../../../../arm-none-eabi/lib/armv6-m/libg_nano.a(lib_a-findfp.o)
 .debug_frame   0x000008cc       0x58 /home/george/workspace/gcc-arm-none-eabi-4_9-2014q4/bin/../lib/gcc/arm-none-eabi/4.9.3/../../../../arm-none-eabi/lib/armv6-m/libg_nano.a(lib_a-fwalk.o)
 .debug_frame   0x00000924       0x30 /home/george/workspace/gcc-arm-none-eabi-4_9-2014q4/bin/../lib/gcc/arm-none-eabi/4.9.3/../../../../arm-none-eabi/lib/armv6-m/libg_nano.a(lib_a-makebuf.o)
 .debug_frame   0x00000954       0x20 /home/george/workspace/gcc-arm-none-eabi-4_9-2014q4/bin/../lib/gcc/arm-none-eabi/4.9.3/../../../../arm-none-eabi/lib/armv6-m/libg_nano.a(lib_a-memset.o)
 .debug_frame   0x00000974       0x2c /home/george/workspace/gcc-arm-none-eabi-4_9-2014q4/bin/../lib/gcc/arm-none-eabi/4.9.3/../../../../arm-none-eabi/lib/armv6-m/libg_nano.a(lib_a-nano-freer.o)
 .debug_frame   0x000009a0       0x2c /home/george/workspace/gcc-arm-none-eabi-4_9-2014q4/bin/../lib/gcc/arm-none-eabi/4.9.3/../../../../arm-none-eabi/lib/armv6-m/libg_nano.a(lib_a-nano-mallocr.o)
 .debug_frame   0x000009cc       0x74 /home/george/workspace/gcc-arm-none-eabi-4_9-2014q4/bin/../lib/gcc/arm-none-eabi/4.9.3/../../../../arm-none-eabi/lib/armv6-m/libg_nano.a(lib_a-nano-svfprintf.o)
 .debug_frame   0x00000a40       0x54 /home/george/workspace/gcc-arm-none-eabi-4_9-2014q4/bin/../lib/gcc/arm-none-eabi/4.9.3/../../../../arm-none-eabi/lib/armv6-m/libg_nano.a(lib_a-nano-vfprintf_i.o)
 .debug_frame   0x00000a94       0x2c /home/george/workspace/gcc-arm-none-eabi-4_9-2014q4/bin/../lib/gcc/arm-none-eabi/4.9.3/../../../../arm-none-eabi/lib/armv6-m/libg_nano.a(lib_a-sbrkr.o)
 .debug_frame   0x00000ac0       0x90 /home/george/workspace/gcc-arm-none-eabi-4_9-2014q4/bin/../lib/gcc/arm-none-eabi/4.9.3/../../../../arm-none-eabi/lib/armv6-m/libg_nano.a(lib_a-stdio.o)
 .debug_frame   0x00000b50       0x2c /home/george/workspace/gcc-arm-none-eabi-4_9-2014q4/bin/../lib/gcc/arm-none-eabi/4.9.3/../../../../arm-none-eabi/lib/armv6-m/libg_nano.a(lib_a-writer.o)
 .debug_frame   0x00000b7c       0x2c /home/george/workspace/gcc-arm-none-eabi-4_9-2014q4/bin/../lib/gcc/arm-none-eabi/4.9.3/../../../../arm-none-eabi/lib/armv6-m/libg_nano.a(lib_a-closer.o)
 .debug_frame   0x00000ba8       0x2c /home/george/workspace/gcc-arm-none-eabi-4_9-2014q4/bin/../lib/gcc/arm-none-eabi/4.9.3/../../../../arm-none-eabi/lib/armv6-m/libg_nano.a(lib_a-fstatr.o)
 .debug_frame   0x00000bd4       0x2c /home/george/workspace/gcc-arm-none-eabi-4_9-2014q4/bin/../lib/gcc/arm-none-eabi/4.9.3/../../../../arm-none-eabi/lib/armv6-m/libg_nano.a(lib_a-isattyr.o)
 .debug_frame   0x00000c00       0x2c /home/george/workspace/gcc-arm-none-eabi-4_9-2014q4/bin/../lib/gcc/arm-none-eabi/4.9.3/../../../../arm-none-eabi/lib/armv6-m/libg_nano.a(lib_a-lseekr.o)
 .debug_frame   0x00000c2c       0x20 /home/george/workspace/gcc-arm-none-eabi-4_9-2014q4/bin/../lib/gcc/arm-none-eabi/4.9.3/../../../../arm-none-eabi/lib/armv6-m/libg_nano.a(lib_a-memchr.o)
 .debug_frame   0x00000c4c       0x28 /home/george/workspace/gcc-arm-none-eabi-4_9-2014q4/bin/../lib/gcc/arm-none-eabi/4.9.3/../../../../arm-none-eabi/lib/armv6-m/libg_nano.a(lib_a-memcpy.o)
 .debug_frame   0x00000c74       0x28 /home/george/workspace/gcc-arm-none-eabi-4_9-2014q4/bin/../lib/gcc/arm-none-eabi/4.9.3/../../../../arm-none-eabi/lib/armv6-m/libg_nano.a(lib_a-memmove.o)
 .debug_frame   0x00000c9c       0x30 /home/george/workspace/gcc-arm-none-eabi-4_9-2014q4/bin/../lib/gcc/arm-none-eabi/4.9.3/../../../../arm-none-eabi/lib/armv6-m/libg_nano.a(lib_a-nano-reallocr.o)
 .debug_frame   0x00000ccc       0x2c /home/george/workspace/gcc-arm-none-eabi-4_9-2014q4/bin/../lib/gcc/arm-none-eabi/4.9.3/../../../../arm-none-eabi/lib/armv6-m/libg_nano.a(lib_a-readr.o)
 .debug_frame   0x00000cf8       0x20 /home/george/workspace/gcc-arm-none-eabi-4_9-2014q4/bin/../lib/gcc/arm-none-eabi/4.9.3/../../../../arm-none-eabi/lib/armv6-m/libg_nano.a(lib_a-nano-msizer.o)

.debug_str      0x00000000     0xa3b6
 *(.debug_str)
 .debug_str     0x00000000     0x5b4d ./system/src/newlib/_exit.o
                               0x5c70 (size before relaxing)
 .debug_str     0x00005b4d      0x4de ./system/src/newlib/_sbrk.o
                               0x43e2 (size before relaxing)
 .debug_str     0x0000602b      0xa96 ./system/src/newlib/_startup.o
                               0x3e7c (size before relaxing)
 .debug_str     0x00006ac1      0xe3d ./system/src/newlib/_syscalls.o
                               0x60e5 (size before relaxing)
 .debug_str     0x000078fe      0x8e8 ./system/src/diag/Trace.o
                               0x64b0 (size before relaxing)
 .debug_str     0x000081e6     0x14d2 ./system/src/diag/trace_impl.o
                               0x6d30 (size before relaxing)
 .debug_str     0x000096b8       0x4e ./system/src/cortexm/_initialize_hardware.o
                               0x409b (size before relaxing)
 .debug_str     0x00009706       0xa1 ./system/src/cortexm/exception_handlers.o
                               0x2421 (size before relaxing)
 .debug_str     0x000097a7       0x8e ./system/src/cmsis/system_DEVICE.o
                               0x40d3 (size before relaxing)
 .debug_str     0x00009835       0x54 ./system/src/cmsis/vectors_DEVICE.o
                               0x2402 (size before relaxing)
 .debug_str     0x00009889      0x4e3 ./src/Timer.o
                               0x4357 (size before relaxing)
 .debug_str     0x00009d6c       0x10 ./src/_write.o
                               0x5ff8 (size before relaxing)
 .debug_str     0x00009d7c      0x63a ./src/main.o
                               0x8659 (size before relaxing)

.debug_loc      0x00000000      0xc08
 *(.debug_loc)
 .debug_loc     0x00000000       0x7b ./system/src/newlib/_sbrk.o
 .debug_loc     0x0000007b      0x265 ./system/src/newlib/_startup.o
 .debug_loc     0x000002e0      0x549 ./system/src/newlib/_syscalls.o
 .debug_loc     0x00000829       0xf7 ./system/src/diag/Trace.o
 .debug_loc     0x00000920      0x187 ./system/src/diag/trace_impl.o
 .debug_loc     0x00000aa7       0xc6 ./src/_write.o
 .debug_loc     0x00000b6d       0x9b ./src/main.o

.debug_macinfo
 *(.debug_macinfo)

.debug_weaknames
 *(.debug_weaknames)

.debug_funcnames
 *(.debug_funcnames)

.debug_typenames
 *(.debug_typenames)

.debug_varnames
 *(.debug_varnames)
OUTPUT(HelloCortexM.elf elf32-littlearm)

.debug_ranges   0x00000000      0x240
 .debug_ranges  0x00000000       0x18 ./system/src/newlib/_exit.o
 .debug_ranges  0x00000018       0x10 ./system/src/newlib/_sbrk.o
 .debug_ranges  0x00000028       0x48 ./system/src/newlib/_startup.o
 .debug_ranges  0x00000070       0xc0 ./system/src/newlib/_syscalls.o
 .debug_ranges  0x00000130       0x28 ./system/src/diag/Trace.o
 .debug_ranges  0x00000158       0x38 ./system/src/diag/trace_impl.o
 .debug_ranges  0x00000190       0x18 ./system/src/cortexm/_initialize_hardware.o
 .debug_ranges  0x000001a8       0x38 ./system/src/cortexm/exception_handlers.o
 .debug_ranges  0x000001e0       0x18 ./system/src/cmsis/system_DEVICE.o
 .debug_ranges  0x000001f8       0x10 ./system/src/cmsis/vectors_DEVICE.o
 .debug_ranges  0x00000208       0x18 ./src/Timer.o
 .debug_ranges  0x00000220       0x10 ./src/_write.o
 .debug_ranges  0x00000230       0x10 ./src/main.o

.debug_macro    0x00000000     0x3005
 .debug_macro   0x00000000      0x128 ./system/src/newlib/_exit.o
 .debug_macro   0x00000128      0x832 ./system/src/newlib/_exit.o
 .debug_macro   0x0000095a       0x9c ./system/src/newlib/_exit.o
 .debug_macro   0x000009f6      0x10e ./system/src/newlib/_exit.o
 .debug_macro   0x00000b04       0x86 ./system/src/newlib/_exit.o
 .debug_macro   0x00000b8a       0x43 ./system/src/newlib/_exit.o
 .debug_macro   0x00000bcd       0x35 ./system/src/newlib/_exit.o
 .debug_macro   0x00000c02      0x27a ./system/src/newlib/_exit.o
 .debug_macro   0x00000e7c       0xd1 ./system/src/newlib/_sbrk.o
 .debug_macro   0x00000f4d       0x19 ./system/src/newlib/_sbrk.o
 .debug_macro   0x00000f66      0x16d ./system/src/newlib/_sbrk.o
 .debug_macro   0x000010d3       0x10 ./system/src/newlib/_sbrk.o
 .debug_macro   0x000010e3      0x23b ./system/src/newlib/_sbrk.o
 .debug_macro   0x0000131e       0xf0 ./system/src/newlib/_startup.o
 .debug_macro   0x0000140e       0x44 ./system/src/newlib/_startup.o
 .debug_macro   0x00001452       0x1c ./system/src/newlib/_startup.o
 .debug_macro   0x0000146e      0x1f7 ./system/src/newlib/_startup.o
 .debug_macro   0x00001665      0x17c ./system/src/newlib/_syscalls.o
 .debug_macro   0x000017e1       0x1c ./system/src/newlib/_syscalls.o
 .debug_macro   0x000017fd       0x10 ./system/src/newlib/_syscalls.o
 .debug_macro   0x0000180d       0x10 ./system/src/newlib/_syscalls.o
 .debug_macro   0x0000181d       0x10 ./system/src/newlib/_syscalls.o
 .debug_macro   0x0000182d       0x35 ./system/src/newlib/_syscalls.o
 .debug_macro   0x00001862      0x121 ./system/src/newlib/_syscalls.o
 .debug_macro   0x00001983       0x22 ./system/src/newlib/_syscalls.o
 .debug_macro   0x000019a5       0x2b ./system/src/newlib/_syscalls.o
 .debug_macro   0x000019d0      0x118 ./system/src/newlib/_syscalls.o
 .debug_macro   0x00001ae8      0x13e ./system/src/newlib/_syscalls.o
 .debug_macro   0x00001c26       0x16 ./system/src/newlib/_syscalls.o
 .debug_macro   0x00001c3c      0x14f ./system/src/diag/Trace.o
 .debug_macro   0x00001d8b       0x16 ./system/src/diag/Trace.o
 .debug_macro   0x00001da1       0x97 ./system/src/diag/Trace.o
 .debug_macro   0x00001e38       0xf6 ./system/src/diag/Trace.o
 .debug_macro   0x00001f2e       0x10 ./system/src/diag/Trace.o
 .debug_macro   0x00001f3e       0x16 ./system/src/diag/Trace.o
 .debug_macro   0x00001f54      0x16d ./system/src/diag/Trace.o
 .debug_macro   0x000020c1       0x52 ./system/src/diag/Trace.o
 .debug_macro   0x00002113       0x16 ./system/src/diag/Trace.o
 .debug_macro   0x00002129      0x16a ./system/src/diag/trace_impl.o
 .debug_macro   0x00002293       0x2b ./system/src/diag/trace_impl.o
 .debug_macro   0x000022be       0x3a ./system/src/diag/trace_impl.o
 .debug_macro   0x000022f8       0x1f ./system/src/diag/trace_impl.o
 .debug_macro   0x00002317      0x242 ./system/src/diag/trace_impl.o
 .debug_macro   0x00002559       0x43 ./system/src/diag/trace_impl.o
 .debug_macro   0x0000259c       0x10 ./system/src/diag/trace_impl.o
 .debug_macro   0x000025ac       0xc8 ./system/src/diag/trace_impl.o
 .debug_macro   0x00002674       0xbe ./system/src/diag/trace_impl.o
 .debug_macro   0x00002732       0x22 ./system/src/diag/trace_impl.o
 .debug_macro   0x00002754       0x93 ./system/src/cortexm/_initialize_hardware.o
 .debug_macro   0x000027e7       0x1b ./system/src/cortexm/exception_handlers.o
 .debug_macro   0x00002802       0xa0 ./system/src/cmsis/system_DEVICE.o
 .debug_macro   0x000028a2       0x1b ./system/src/cmsis/vectors_DEVICE.o
 .debug_macro   0x000028bd       0xac ./src/Timer.o
 .debug_macro   0x00002969       0x1c ./src/Timer.o
 .debug_macro   0x00002985      0x242 ./src/Timer.o
 .debug_macro   0x00002bc7      0x108 ./src/_write.o
 .debug_macro   0x00002ccf      0x1a2 ./src/main.o
 .debug_macro   0x00002e71       0x97 ./src/main.o
 .debug_macro   0x00002f08       0xfd ./src/main.o
